
Venkat@VENKAT MINGW64 /c/DE/Python_WorkSpace
$ git clone https://github.com/venkat-suravaram/GITDemo.git
Cloning into 'GITDemo'...
remote: Enumerating objects: 4, done.
remote: Counting objects: 100% (4/4), done.
remote: Compressing objects: 100% (3/3), done.
remote: Total 4 (delta 0), reused 0 (delta 0), pack-reused 0
Receiving objects: 100% (4/4), done.

Venkat@VENKAT MINGW64 /c/DE/Python_WorkSpace
$ git status
fatal: not a git repository (or any of the parent directories): .git

Venkat@VENKAT MINGW64 /c/DE/Python_WorkSpace
$ cd GIT
GIT/     GITDemo/ 

Venkat@VENKAT MINGW64 /c/DE/Python_WorkSpace
$ cd GITDemo/

Venkat@VENKAT MINGW64 /c/DE/Python_WorkSpace/GITDemo (main)
$ git status
On branch main
Your branch is up to date with 'origin/main'.

nothing to commit, working tree clean

Venkat@VENKAT MINGW64 /c/DE/Python_WorkSpace/GITDemo (main)
$ git add .

Venkat@VENKAT MINGW64 /c/DE/Python_WorkSpace/GITDemo (main)
$ git status
On branch main
Your branch is up to date with 'origin/main'.

nothing to commit, working tree clean

Venkat@VENKAT MINGW64 /c/DE/Python_WorkSpace/GITDemo (main)
$ git status
On branch main
Your branch is up to date with 'origin/main'.

Untracked files:
  (use "git add <file>..." to include in what will be committed)
        Git push demo from Local.txt

nothing added to commit but untracked files present (use "git add" to track)

Venkat@VENKAT MINGW64 /c/DE/Python_WorkSpace/GITDemo (main)
$ git add .

Venkat@VENKAT MINGW64 /c/DE/Python_WorkSpace/GITDemo (main)
$ git status
On branch main
Your branch is up to date with 'origin/main'.

Changes to be committed:
  (use "git restore --staged <file>..." to unstage)
        new file:   Git push demo from Local.txt


Venkat@VENKAT MINGW64 /c/DE/Python_WorkSpace/GITDemo (main)
$ git push origin main
Everything up-to-date

Venkat@VENKAT MINGW64 /c/DE/Python_WorkSpace/GITDemo (main)
$ git status
On branch main
Your branch is up to date with 'origin/main'.

Changes to be committed:
  (use "git restore --staged <file>..." to unstage)
        new file:   Git push demo from Local.txt


Venkat@VENKAT MINGW64 /c/DE/Python_WorkSpace/GITDemo (main)
$ git commit -m "today update"
[main 42afe02] today update
 1 file changed, 1 insertion(+)
 create mode 100644 Git push demo from Local.txt

Venkat@VENKAT MINGW64 /c/DE/Python_WorkSpace/GITDemo (main)
$ git status
On branch main
Your branch is ahead of 'origin/main' by 1 commit.
  (use "git push" to publish your local commits)

nothing to commit, working tree clean

Venkat@VENKAT MINGW64 /c/DE/Python_WorkSpace/GITDemo (main)
$ git push origin main
Enumerating objects: 4, done.
Counting objects: 100% (4/4), done.
Delta compression using up to 8 threads
Compressing objects: 100% (2/2), done.
Writing objects: 100% (3/3), 330 bytes | 330.00 KiB/s, done.
Total 3 (delta 0), reused 0 (delta 0), pack-reused 0
To https://github.com/venkat-suravaram/GITDemo.git
   c2cec03..42afe02  main -> main

Venkat@VENKAT MINGW64 /c/DE/Python_WorkSpace/GITDemo (main)
$ git status
On branch main
Your branch is up to date with 'origin/main'.

nothing to commit, working tree clean

Venkat@VENKAT MINGW64 /c/DE/Python_WorkSpace/GITDemo (main)
